20:26:25 **** Build of configuration Debug for project csd_lap ****
make all 
D:/Xilinx/Vitis/2021.1/gnuwin/bin/make --no-print-directory pre-build
a9-linaro-pre-build-step
' '
D:/Xilinx/Vitis/2021.1/gnuwin/bin/make --no-print-directory main-build
'Building file: ../src/csd_asm.S'
'Invoking: ARM v7 gcc compiler'
arm-none-eabi-gcc -Wall -O0 -g3 -c -fmessage-length=0 -MT"src/csd_asm.o" -mcpu=cortex-a9 -mfpu=vfpv3 -mfloat-abi=hard -IC:/Users/dlrkd/Downloads/class_experiments_v21/csd_platform/export/csd_platform/sw/csd_platform/standalone_domain/bspinclude/include -MMD -MP -MF"src/csd_asm.d" -MT"src/csd_asm.o" -o "src/csd_asm.o" "../src/csd_asm.S"
'Finished building: ../src/csd_asm.S'
' '
'Building file: ../src/csd_main.c'
'Invoking: ARM v7 gcc compiler'
arm-none-eabi-gcc -Wall -O0 -g3 -c -fmessage-length=0 -MT"src/csd_main.o" -mcpu=cortex-a9 -mfpu=vfpv3 -mfloat-abi=hard -IC:/Users/dlrkd/Downloads/class_experiments_v21/csd_platform/export/csd_platform/sw/csd_platform/standalone_domain/bspinclude/include -MMD -MP -MF"src/csd_main.d" -MT"src/csd_main.o" -o "src/csd_main.o" "../src/csd_main.c"
'Finished building: ../src/csd_main.c'
' '
'Building file: ../src/platform.c'
'Invoking: ARM v7 gcc compiler'
arm-none-eabi-gcc -Wall -O0 -g3 -c -fmessage-length=0 -MT"src/platform.o" -mcpu=cortex-a9 -mfpu=vfpv3 -mfloat-abi=hard -IC:/Users/dlrkd/Downloads/class_experiments_v21/csd_platform/export/csd_platform/sw/csd_platform/standalone_domain/bspinclude/include -MMD -MP -MF"src/platform.d" -MT"src/platform.o" -o "src/platform.o" "../src/platform.c"
'Finished building: ../src/platform.c'
' '
'Building target: csd_lap.elf'
'Invoking: ARM v7 gcc linker'
arm-none-eabi-gcc -mcpu=cortex-a9 -mfpu=vfpv3 -mfloat-abi=hard -Wl,-build-id=none -specs=Xilinx.spec -Wl,-T -Wl,../src/lscript.ld -LC:/Users/dlrkd/Downloads/class_experiments_v21/csd_platform/export/csd_platform/sw/csd_platform/standalone_domain/bsplib/lib -o "csd_lap.elf"  ./src/csd_asm.o ./src/csd_main.o ./src/platform.o   -Wl,--start-group,-lxil,-lgcc,-lc,--end-group
'Finished building target: csd_lap.elf'
' '
'Invoking: ARM v7 Print Size'
arm-none-eabi-size csd_lap.elf  |tee "csd_lap.elf.size"
   text	   data	    bss	    dec	    hex	filename
  18868	   1232	  22568	  42668	   a6ac	csd_lap.elf
'Finished building: csd_lap.elf.size'
' '

20:26:26 Build Finished (took 996ms)

